
> marketing-agency-frontend@0.1.0 build
> next build

   Γû▓ Next.js 14.0.4
   - Environments: .env

   Creating an optimized production build ...
 Γ£ô Compiled successfully
   Linting and checking validity of types ...
node.exe : Failed to compile.
At line:1 char:1
+ & "C:\Program 
Files\nodejs/node.exe" 
"C:\Program 
Files\nodejs/node_mo ...
+ ~~~~~~~~~~~~~~~~~~~~~~~~~~~
~~~~~~~~~~~~~~~~~~~~~~~~~~~~~
~~~~~~~~~~~~~
    + CategoryInfo           
   : NotSpecified: (Failed   
  to compile.:String) [],    
 RemoteException
    + FullyQualifiedErrorId  
   : NativeCommandError
 

.next/types/app/case-studies/
page.ts:2:24
Type error: File 
'C:/Users/PCS/Desktop/Final U
pload/marketing_agency_websit
e_01-main/app/case-studies/pa
ge.tsx' is not a module.

[0m [90m 1 |[39m [90m// 
File: 
C:\Users\PCS\Desktop\Final Up
load\marketing_agency_website
_01-main\app\case-studies\pag
e.tsx[39m[0m
[0m[31m[1m>[22m[39m[90m
 2 |[39m [36mimport[39m 
[33m*[39m [36mas[39m 
entry [36mfrom[39m [32m'..
/../../../app/case-studies/pa
ge.js'[39m[0m
[0m [90m   |[39m          
              
[31m[1m^[22m[39m[0m
[0m [90m 3 |[39m 
[36mimport[39m type { [33m
ResolvingMetadata[39m[33m,
[39m 
[33mResolvingViewport[39m 
} [36mfrom[39m [32m'next/d
ist/lib/metadata/types/metada
ta-interface.js'[39m[0m
[0m [90m 4 |[39m[0m
[0m [90m 5 |[39m type 
[33mTEntry[39m [33m=[39m 
[36mtypeof[39m [36mimport
[39m([32m'../../../../app/ca
se-studies/page.js'[39m)[0m
